rm '.github/tmp/a2d_qr_v1_fixtures.rs'
rm '.github/tmp/delete_printable_temp_tag.yml'
rm '.github/tmp/fix_marker_count.py'
rm '.github/tmp/patch_printable_code.py'
rm '.github/tmp/patch_printable_docs.py'
rm '.github/tmp/printable_compatibility.rs'
rm '.github/tmp/qr_v1_golden.rs'
rm '.github/workflows/implement-printable-compatibility.yml'
rm 'printable-apply.log'
rm 'printable-fixtures.log'
rm 'printable-validation.log'
D  .github/tmp/fix_marker_count.py
D  .github/tmp/patch_printable_code.py
D  .github/tmp/patch_printable_docs.py
R  .github/tmp/delete_printable_temp_tag.yml -> .github/workflows/delete-printable-temp-tag.yml
D  .github/workflows/implement-printable-compatibility.yml
M  .github/workflows/milestone7-native.yml
M  Cargo.lock
M  crates/a2d-identity/src/qr.rs
M  crates/a2d-image/src/bin/a2d_fixture_support.rs
M  crates/a2d-image/src/detector.rs
M  crates/a2d-image/src/lib.rs
M  crates/a2d-pdf/Cargo.toml
R  .github/tmp/a2d_qr_v1_fixtures.rs -> crates/a2d-pdf/src/bin/a2d_qr_v1_fixtures.rs
M  crates/a2d-pdf/src/render.rs
R  .github/tmp/printable_compatibility.rs -> crates/a2d-pdf/tests/printable_compatibility.rs
R  .github/tmp/qr_v1_golden.rs -> crates/a2d-pdf/tests/qr_v1_golden.rs
M  docs/A2D_SMART_NOTEBOOK_V01_TODO.md
M  docs/decisions/0001-qr-v1-encoding-and-integrity.md
M  docs/decisions/README.md
A  fixtures/qr/v1/malformed_vectors.json
A  fixtures/qr/v1/notebook_page_vectors.json
A  fixtures/qr/v1/notebook_setup_vectors.json
A  fixtures/qr/v1/rendered/notebook-page-basic.png
A  fixtures/qr/v1/rendered/notebook-setup-basic.png
A  fixtures/qr/v1/rendered/smart-page-max-fields.png
A  fixtures/qr/v1/rendered/smart-page-standalone.png
A  fixtures/qr/v1/smart_page_vectors.json
D  printable-apply.log
D  printable-fixtures.log
D  printable-validation.log
?? printable-publish.log
